// Jest Snapshot v1, https://goo.gl/fbAQLP

exports[`Header should render properly 1`] = `
<div>
   
  <div
    class="css-1a9pc2l-Header"
  >
    <div
      class="css-b2f7vh-Header"
    >
      <div
        class="css-ilwsms"
        color="#333"
        opacity="0.7"
      />
      <div
        class="css-prjb17"
        placeholder="#EFFFE2"
      >
        <img
          alt="cover"
          class="css-10dr8mc"
        />
      </div>
    </div>
    <div
      class="css-gki4ed-Header"
    >
      <p
        class="css-1fhp3d6"
        color="white"
      >
         
        Fri Sep 06 2019
      </p>
      <p
        class="css-1nsadt8"
        color="white"
      >
        header.hi
        ,Â 
        <span
          class="css-atu78c"
          color="#B4ED86"
        >
          Alita
        </span>
      </p>
    </div>
    <a
      class="css-1w28esw"
      href="/profile"
    >
      <div
        class="css-prjb17"
        placeholder="#EFFFE2"
      >
        <img
          alt="username"
          class="css-10dr8mc"
        />
      </div>
    </a>
  </div>
   
</div>
`;
