// Jest Snapshot v1, https://goo.gl/fbAQLP

exports[`InputField should render properly 1`] = `
<div>
  <label
    class="css-npa6bc"
    for="puke"
  >
    Should I puke?
  </label>
  <input
    class="css-1qxlqm1"
    id="puke"
    name="puke"
    type="text"
    value=""
  />
</div>
`;
